// Jest Snapshot v1, https://goo.gl/fbAQLP

exports[`HQ stack matches the snapshot 1`] = `
Object {
  "AWSTemplateFormatVersion": "2010-09-09",
  "Description": "Centralised security reporting for AWS",
  "Mappings": Object {
    "Constants": Object {
      "App": Object {
        "Value": "security-hq",
      },
      "Stack": Object {
        "Value": "security",
      },
    },
    "securityhq": Object {
      "CODE": Object {
        "alarmActionsEnabled": false,
        "domainName": "security-hq.code.dev-gutools.co.uk",
        "maxInstances": 2,
        "minInstances": 1,
      },
      "PROD": Object {
        "alarmActionsEnabled": true,
        "domainName": "security-hq.gutools.co.uk",
        "maxInstances": 2,
        "minInstances": 1,
      },
    },
  },
  "Metadata": Object {
    "AWS::CloudFormation::Interface": Object {
      "ParameterGroups": Array [
        Object {
          "Label": Object {
            "default": "S3 Configuration",
          },
          "Parameters": Array [
            "SecurityHQSourceBundleBucket",
          ],
        },
        Object {
          "Label": Object {
            "default": "Security",
          },
          "Parameters": Array [
            "AccessRestrictionCidr",
          ],
        },
        Object {
          "Label": Object {
            "default": "Networking",
          },
          "Parameters": Array [
            "OldVpcId",
            "Subnets",
            "TLSCertArn",
          ],
        },
      ],
    },
  },
  "Outputs": Object {
    "LoadBalancerSecurityhqDnsName": Object {
      "Description": "DNS entry for LoadBalancerSecurityhq",
      "Value": Object {
        "Fn::GetAtt": Array [
          "LoadBalancerSecurityhqF59D9B82",
          "DNSName",
        ],
      },
    },
    "LoadBalancerUrl": Object {
      "Value": Object {
        "Fn::GetAtt": Array [
          "LoadBalancer",
          "DNSName",
        ],
      },
    },
  },
  "Parameters": Object {
    "AMI": Object {
      "Description": "Base AMI for Security HQ instances",
      "Type": "AWS::EC2::Image::Id",
    },
    "AMISecurityhq": Object {
      "Description": "Amazon Machine Image ID for the app security-hq. Use this in conjunction with AMIgo to keep AMIs up to date.",
      "Type": "AWS::EC2::Image::Id",
    },
    "AccessRestrictionCidr": Object {
      "Description": "CIDR block from which access to Security HQ should be allowed",
      "Type": "String",
    },
    "CloudwatchAlarmEmailDestination": Object {
      "Description": "Send Security HQ cloudwatch alarms to this email address",
      "Type": "String",
    },
    "DistributionBucketName": Object {
      "Default": "/account/services/artifact.bucket",
      "Description": "SSM parameter containing the S3 bucket name holding distribution artifacts",
      "Type": "AWS::SSM::Parameter::Value<String>",
    },
    "InstanceType": Object {
      "Description": "AWS instance type (e.g. t4g.large)",
      "Type": "String",
    },
    "LoggingRoleToAssumeArn": Object {
      "Description": "Name of IAM role in logging account e.g. arn:aws:iam::222222222222:role/LoggingRole",
      "Type": "String",
    },
    "LoggingStreamName": Object {
      "Default": "/account/services/logging.stream.name",
      "Description": "SSM parameter containing the Name (not ARN) on the kinesis stream",
      "Type": "AWS::SSM::Parameter::Value<String>",
    },
    "OldVpcId": Object {
      "Description": "ID of the VPC Security HQ will run in",
      "Type": "AWS::EC2::VPC::Id",
    },
    "SecurityHQSourceBundleBucket": Object {
      "Description": "S3 bucket containing Security HQ's source bundle",
      "Type": "String",
    },
    "Stage": Object {
      "AllowedValues": Array [
        "CODE",
        "PROD",
      ],
      "Default": "CODE",
      "Description": "Stage name",
      "Type": "String",
    },
    "Subnets": Object {
      "Description": "The subnets in which Security HQ will run",
      "Type": "List<AWS::EC2::Subnet::Id>",
    },
    "TLSCertArn": Object {
      "Description": "ARN of a TLS certificate to install on the load balancer",
      "Type": "String",
    },
    "TopicARN": Object {
      "Description": "ARN for Anghammarad's SNS topic",
      "Type": "String",
    },
    "VpcId": Object {
      "Default": "/account/vpc/primary/id",
      "Description": "Virtual Private Cloud to run EC2 instances within",
      "Type": "AWS::SSM::Parameter::Value<AWS::EC2::VPC::Id>",
    },
    "securityhqPrivateSubnets": Object {
      "Default": "/account/vpc/primary/subnets/private",
      "Description": "A list of private subnets",
      "Type": "AWS::SSM::Parameter::Value<List<AWS::EC2::Subnet::Id>>",
    },
    "securityhqPublicSubnets": Object {
      "Default": "/account/vpc/primary/subnets/public",
      "Description": "A list of public subnets",
      "Type": "AWS::SSM::Parameter::Value<List<AWS::EC2::Subnet::Id>>",
    },
  },
  "Resources": Object {
    "AssumeRole3910C09D": Object {
      "Properties": Object {
        "PolicyDocument": Object {
          "Statement": Array [
            Object {
              "Action": "sts:AssumeRole",
              "Effect": "Allow",
              "Resource": "*",
            },
          ],
          "Version": "2012-10-17",
        },
        "PolicyName": "AssumeRole3910C09D",
        "Roles": Array [
          Object {
            "Ref": "InstanceRoleSecurityhq7C08CA33",
          },
        ],
      },
      "Type": "AWS::IAM::Policy",
    },
    "AutoScalingGroupSecurityhqASG8DD277A5": Object {
      "Properties": Object {
        "HealthCheckGracePeriod": 120,
        "HealthCheckType": "ELB",
        "LaunchConfigurationName": Object {
          "Ref": "AutoScalingGroupSecurityhqLaunchConfig4307528E",
        },
        "MaxSize": Object {
          "Fn::FindInMap": Array [
            "securityhq",
            Object {
              "Ref": "Stage",
            },
            "maxInstances",
          ],
        },
        "MinSize": Object {
          "Fn::FindInMap": Array [
            "securityhq",
            Object {
              "Ref": "Stage",
            },
            "minInstances",
          ],
        },
        "Tags": Array [
          Object {
            "Key": "App",
            "PropagateAtLaunch": true,
            "Value": "security-hq",
          },
          Object {
            "Key": "gu:cdk:pattern-name",
            "PropagateAtLaunch": true,
            "Value": "GuEc2App",
          },
          Object {
            "Key": "gu:cdk:version",
            "PropagateAtLaunch": true,
            "Value": "TEST",
          },
          Object {
            "Key": "gu:repo",
            "PropagateAtLaunch": true,
            "Value": "guardian/security-hq",
          },
          Object {
            "Key": "gu:riffraff:new-asg",
            "PropagateAtLaunch": true,
            "Value": "true",
          },
          Object {
            "Key": "Name",
            "PropagateAtLaunch": true,
            "Value": "security-hq/AutoScalingGroupSecurityhq",
          },
          Object {
            "Key": "Stack",
            "PropagateAtLaunch": true,
            "Value": "security",
          },
          Object {
            "Key": "Stage",
            "PropagateAtLaunch": true,
            "Value": Object {
              "Ref": "Stage",
            },
          },
        ],
        "TargetGroupARNs": Array [
          Object {
            "Ref": "TargetGroupSecurityhq530DEDAA",
          },
        ],
        "VPCZoneIdentifier": Object {
          "Ref": "securityhqPrivateSubnets",
        },
      },
      "Type": "AWS::AutoScaling::AutoScalingGroup",
    },
    "AutoScalingGroupSecurityhqInstanceProfile9E45D8A7": Object {
      "Properties": Object {
        "Roles": Array [
          Object {
            "Ref": "InstanceRoleSecurityhq7C08CA33",
          },
        ],
      },
      "Type": "AWS::IAM::InstanceProfile",
    },
    "AutoScalingGroupSecurityhqLaunchConfig4307528E": Object {
      "DependsOn": Array [
        "InstanceRoleSecurityhq7C08CA33",
      ],
      "Properties": Object {
        "IamInstanceProfile": Object {
          "Ref": "AutoScalingGroupSecurityhqInstanceProfile9E45D8A7",
        },
        "ImageId": Object {
          "Ref": "AMISecurityhq",
        },
        "InstanceType": "t4g.large",
        "SecurityGroups": Array [
          Object {
            "Fn::GetAtt": Array [
              "GuHttpsEgressSecurityGroupSecurityhq0F9CBE88",
              "GroupId",
            ],
          },
          Object {
            "Fn::GetAtt": Array [
              "WazuhSecurityGroup",
              "GroupId",
            ],
          },
        ],
        "UserData": Object {
          "Fn::Base64": Object {
            "Fn::Join": Array [
              "",
              Array [
                "#!/bin/bash -ev
# setup security-hq
mkdir -p /etc/gu

aws --region eu-west-1 s3 cp s3://",
                Object {
                  "Ref": "DistributionBucketName",
                },
                "/security/",
                Object {
                  "Ref": "Stage",
                },
                "/security-hq/security-hq.conf /etc/gu
aws --region eu-west-1 s3 cp s3://",
                Object {
                  "Ref": "DistributionBucketName",
                },
                "/security/",
                Object {
                  "Ref": "Stage",
                },
                "/security-hq/security-hq-service-account-cert.json /etc/gu
aws --region eu-west-1 s3 cp s3://",
                Object {
                  "Ref": "DistributionBucketName",
                },
                "/security/",
                Object {
                  "Ref": "Stage",
                },
                "/security-hq/security-hq.deb /tmp/installer.deb

dpkg -i /tmp/installer.deb",
              ],
            ],
          },
        },
      },
      "Type": "AWS::AutoScaling::LaunchConfiguration",
    },
    "AutoscalingGroup": Object {
      "Properties": Object {
        "AvailabilityZones": Object {
          "Fn::GetAZs": "",
        },
        "DesiredCapacity": "1",
        "HealthCheckGracePeriod": 120,
        "HealthCheckType": "ELB",
        "LaunchConfigurationName": Object {
          "Ref": "LaunchConfig",
        },
        "LoadBalancerNames": Array [
          Object {
            "Ref": "LoadBalancer",
          },
        ],
        "MaxSize": "2",
        "MinSize": "1",
        "Tags": Array [
          Object {
            "Key": "App",
            "PropagateAtLaunch": true,
            "Value": Object {
              "Fn::FindInMap": Array [
                "Constants",
                "App",
                "Value",
              ],
            },
          },
          Object {
            "Key": "gu:cdk:version",
            "PropagateAtLaunch": true,
            "Value": "TEST",
          },
          Object {
            "Key": "gu:repo",
            "PropagateAtLaunch": true,
            "Value": "guardian/security-hq",
          },
          Object {
            "Key": "Name",
            "PropagateAtLaunch": true,
            "Value": Object {
              "Fn::FindInMap": Array [
                "Constants",
                "App",
                "Value",
              ],
            },
          },
          Object {
            "Key": "Stack",
            "PropagateAtLaunch": true,
            "Value": "security",
          },
          Object {
            "Key": "Stage",
            "PropagateAtLaunch": true,
            "Value": Object {
              "Ref": "Stage",
            },
          },
        ],
        "VPCZoneIdentifier": Object {
          "Ref": "Subnets",
        },
      },
      "Type": "AWS::AutoScaling::AutoScalingGroup",
    },
    "CertificateSecurityhqD266EC9D": Object {
      "DeletionPolicy": "Retain",
      "Properties": Object {
        "DomainName": Object {
          "Fn::FindInMap": Array [
            "securityhq",
            Object {
              "Ref": "Stage",
            },
            "domainName",
          ],
        },
        "Tags": Array [
          Object {
            "Key": "App",
            "Value": "security-hq",
          },
          Object {
            "Key": "gu:cdk:version",
            "Value": "TEST",
          },
          Object {
            "Key": "gu:repo",
            "Value": "guardian/security-hq",
          },
          Object {
            "Key": "Stack",
            "Value": "security",
          },
          Object {
            "Key": "Stage",
            "Value": Object {
              "Ref": "Stage",
            },
          },
        ],
        "ValidationMethod": "DNS",
      },
      "Type": "AWS::CertificateManager::Certificate",
      "UpdateReplacePolicy": "Retain",
    },
    "CloudWatchMetrics": Object {
      "Properties": Object {
        "PolicyDocument": Object {
          "Statement": Array [
            Object {
              "Action": Array [
                "cloudwatch:PutMetricData",
              ],
              "Effect": "Allow",
              "Resource": "*",
            },
          ],
        },
        "PolicyName": "cloudwatch-put-metric",
        "Roles": Array [
          Object {
            "Ref": "SecurityHQInstanceRole",
          },
        ],
      },
      "Type": "AWS::IAM::Policy",
    },
    "DescribeEC2PolicyFF5F9295": Object {
      "Properties": Object {
        "PolicyDocument": Object {
          "Statement": Array [
            Object {
              "Action": Array [
                "autoscaling:DescribeAutoScalingInstances",
                "autoscaling:DescribeAutoScalingGroups",
                "ec2:DescribeTags",
                "ec2:DescribeInstances",
              ],
              "Effect": "Allow",
              "Resource": "*",
            },
          ],
          "Version": "2012-10-17",
        },
        "PolicyName": "describe-ec2-policy",
        "Roles": Array [
          Object {
            "Ref": "InstanceRoleSecurityhq7C08CA33",
          },
        ],
      },
      "Type": "AWS::IAM::Policy",
    },
    "DescribeRegions9F63D96D": Object {
      "Properties": Object {
        "PolicyDocument": Object {
          "Statement": Array [
            Object {
              "Action": "ec2:DescribeRegions",
              "Effect": "Allow",
              "Resource": "*",
            },
          ],
          "Version": "2012-10-17",
        },
        "PolicyName": "DescribeRegions9F63D96D",
        "Roles": Array [
          Object {
            "Ref": "InstanceRoleSecurityhq7C08CA33",
          },
        ],
      },
      "Type": "AWS::IAM::Policy",
    },
    "DisableAccessKeyExecutionFailureAlarm": Object {
      "Properties": Object {
        "AlarmActions": Array [
          Object {
            "Ref": "NotificationTopic",
          },
        ],
        "AlarmDescription": Object {
          "Fn::Sub": "The credentials reaper feature of Security HQ logs either success or failure to cloudwatch, and this alarm lets us know when it logs a failure. Check the application logs for more details https://logs.gutools.co.uk/s/devx/goto/f9915a6e4e94a000732d67026cea91be",
        },
        "AlarmName": Object {
          "Fn::Sub": "Security HQ failed to disable a vulnerable access key",
        },
        "ComparisonOperator": "GreaterThanOrEqualToThreshold",
        "Dimensions": Array [
          Object {
            "Name": "ReaperExecutionStatus",
            "Value": "Failure",
          },
        ],
        "EvaluationPeriods": 1,
        "MetricName": "IamDisableAccessKey",
        "Namespace": "SecurityHQ",
        "Period": 60,
        "Statistic": "Sum",
        "Threshold": 1,
        "TreatMissingData": "notBreaching",
      },
      "Type": "AWS::CloudWatch::Alarm",
    },
    "DisableAccessKeyFailureAlarm03FFC3CB": Object {
      "Properties": Object {
        "ActionsEnabled": Object {
          "Fn::FindInMap": Array [
            "securityhq",
            Object {
              "Ref": "Stage",
            },
            "alarmActionsEnabled",
          ],
        },
        "AlarmActions": Array [
          Object {
            "Fn::Join": Array [
              "",
              Array [
                "arn:aws:sns:",
                Object {
                  "Ref": "AWS::Region",
                },
                ":",
                Object {
                  "Ref": "AWS::AccountId",
                },
                ":undefined",
              ],
            ],
          },
        ],
        "AlarmDescription": "The credentials reaper feature of Security HQ logs either success or failure to cloudwatch, and this alarm lets us know when it logs a failure. Check the application logs for more details https://logs.gutools.co.uk/s/devx/goto/f9915a6e4e94a000732d67026cea91be.",
        "AlarmName": "Security HQ failed to disable a vulnerable access key (new stack)",
        "ComparisonOperator": "GreaterThanOrEqualToThreshold",
        "Dimensions": Array [
          Object {
            "Name": "ReaperExecutionStatus",
            "Value": "Failure",
          },
        ],
        "EvaluationPeriods": 1,
        "MetricName": "IamDisableAccessKey",
        "Namespace": "SecurityHQ",
        "Period": 60,
        "Statistic": "Sum",
        "Threshold": 1,
        "TreatMissingData": "notBreaching",
      },
      "Type": "AWS::CloudWatch::Alarm",
    },
    "DynamoReadF4CBA3FD": Object {
      "Properties": Object {
        "PolicyDocument": Object {
          "Statement": Array [
            Object {
              "Action": Array [
                "dynamodb:BatchGetItem",
                "dynamodb:GetItem",
                "dynamodb:Scan",
                "dynamodb:Query",
                "dynamodb:GetRecords",
              ],
              "Effect": "Allow",
              "Resource": Object {
                "Fn::Join": Array [
                  "",
                  Array [
                    "arn:aws:dynamodb:",
                    Object {
                      "Ref": "AWS::Region",
                    },
                    ":",
                    Object {
                      "Ref": "AWS::AccountId",
                    },
                    ":table/",
                    Object {
                      "Fn::Sub": Array [
                        "security-hq-iam-\${Stage}",
                        Object {
                          "Stage": Object {
                            "Ref": "Stage",
                          },
                        },
                      ],
                    },
                  ],
                ],
              },
            },
          ],
          "Version": "2012-10-17",
        },
        "PolicyName": "DynamoReadF4CBA3FD",
        "Roles": Array [
          Object {
            "Ref": "InstanceRoleSecurityhq7C08CA33",
          },
        ],
      },
      "Type": "AWS::IAM::Policy",
    },
    "DynamoWrite95D291C9": Object {
      "Properties": Object {
        "PolicyDocument": Object {
          "Statement": Array [
            Object {
              "Action": Array [
                "dynamodb:BatchWriteItem",
                "dynamodb:PutItem",
                "dynamodb:DeleteItem",
                "dynamodb:UpdateItem",
              ],
              "Effect": "Allow",
              "Resource": Object {
                "Fn::Join": Array [
                  "",
                  Array [
                    "arn:aws:dynamodb:",
                    Object {
                      "Ref": "AWS::Region",
                    },
                    ":",
                    Object {
                      "Ref": "AWS::AccountId",
                    },
                    ":table/",
                    Object {
                      "Fn::Sub": Array [
                        "security-hq-iam-\${Stage}",
                        Object {
                          "Stage": Object {
                            "Ref": "Stage",
                          },
                        },
                      ],
                    },
                  ],
                ],
              },
            },
          ],
          "Version": "2012-10-17",
        },
        "PolicyName": "DynamoWrite95D291C9",
        "Roles": Array [
          Object {
            "Ref": "InstanceRoleSecurityhq7C08CA33",
          },
        ],
      },
      "Type": "AWS::IAM::Policy",
    },
    "GetDistributablePolicySecurityhqC6808A6A": Object {
      "Properties": Object {
        "PolicyDocument": Object {
          "Statement": Array [
            Object {
              "Action": "s3:GetObject",
              "Effect": "Allow",
              "Resource": Object {
                "Fn::Join": Array [
                  "",
                  Array [
                    "arn:aws:s3:::",
                    Object {
                      "Ref": "DistributionBucketName",
                    },
                    "/security/",
                    Object {
                      "Ref": "Stage",
                    },
                    "/security-hq/*",
                  ],
                ],
              },
            },
          ],
          "Version": "2012-10-17",
        },
        "PolicyName": "GetDistributablePolicySecurityhqC6808A6A",
        "Roles": Array [
          Object {
            "Ref": "InstanceRoleSecurityhq7C08CA33",
          },
        ],
      },
      "Type": "AWS::IAM::Policy",
    },
    "GuHttpsEgressSecurityGroupSecurityhq0F9CBE88": Object {
      "Properties": Object {
        "GroupDescription": "Allow all outbound HTTPS traffic",
        "SecurityGroupEgress": Array [
          Object {
            "CidrIp": "0.0.0.0/0",
            "Description": "Allow all outbound HTTPS traffic",
            "FromPort": 443,
            "IpProtocol": "tcp",
            "ToPort": 443,
          },
        ],
        "Tags": Array [
          Object {
            "Key": "App",
            "Value": "security-hq",
          },
          Object {
            "Key": "gu:cdk:version",
            "Value": "TEST",
          },
          Object {
            "Key": "gu:repo",
            "Value": "guardian/security-hq",
          },
          Object {
            "Key": "Stack",
            "Value": "security",
          },
          Object {
            "Key": "Stage",
            "Value": Object {
              "Ref": "Stage",
            },
          },
        ],
        "VpcId": Object {
          "Ref": "VpcId",
        },
      },
      "Type": "AWS::EC2::SecurityGroup",
    },
    "GuHttpsEgressSecurityGroupSecurityhqfromsecurityhqLoadBalancerSecurityhqSecurityGroup3F506C5990004DFA1452": Object {
      "Properties": Object {
        "Description": "Load balancer to target",
        "FromPort": 9000,
        "GroupId": Object {
          "Fn::GetAtt": Array [
            "GuHttpsEgressSecurityGroupSecurityhq0F9CBE88",
            "GroupId",
          ],
        },
        "IpProtocol": "tcp",
        "SourceSecurityGroupId": Object {
          "Fn::GetAtt": Array [
            "LoadBalancerSecurityhqSecurityGroup66272916",
            "GroupId",
          ],
        },
        "ToPort": 9000,
      },
      "Type": "AWS::EC2::SecurityGroupIngress",
    },
    "GuHttpsEgressSecurityGroupSecurityhqfromsecurityhqRestrictedIngressSecurityGroupSecurityhq2DC7AECE90009FDEBE14": Object {
      "Properties": Object {
        "Description": "Load balancer to target",
        "FromPort": 9000,
        "GroupId": Object {
          "Fn::GetAtt": Array [
            "GuHttpsEgressSecurityGroupSecurityhq0F9CBE88",
            "GroupId",
          ],
        },
        "IpProtocol": "tcp",
        "SourceSecurityGroupId": Object {
          "Fn::GetAtt": Array [
            "RestrictedIngressSecurityGroupSecurityhqCA18D247",
            "GroupId",
          ],
        },
        "ToPort": 9000,
      },
      "Type": "AWS::EC2::SecurityGroupIngress",
    },
    "GuLogShippingPolicy981BFE5A": Object {
      "Properties": Object {
        "PolicyDocument": Object {
          "Statement": Array [
            Object {
              "Action": Array [
                "kinesis:Describe*",
                "kinesis:Put*",
              ],
              "Effect": "Allow",
              "Resource": Object {
                "Fn::Join": Array [
                  "",
                  Array [
                    "arn:aws:kinesis:",
                    Object {
                      "Ref": "AWS::Region",
                    },
                    ":",
                    Object {
                      "Ref": "AWS::AccountId",
                    },
                    ":stream/",
                    Object {
                      "Ref": "LoggingStreamName",
                    },
                  ],
                ],
              },
            },
          ],
          "Version": "2012-10-17",
        },
        "PolicyName": "GuLogShippingPolicy981BFE5A",
        "Roles": Array [
          Object {
            "Ref": "InstanceRoleSecurityhq7C08CA33",
          },
        ],
      },
      "Type": "AWS::IAM::Policy",
    },
    "InstanceRoleSecurityhq7C08CA33": Object {
      "Properties": Object {
        "AssumeRolePolicyDocument": Object {
          "Statement": Array [
            Object {
              "Action": "sts:AssumeRole",
              "Effect": "Allow",
              "Principal": Object {
                "Service": Object {
                  "Fn::Join": Array [
                    "",
                    Array [
                      "ec2.",
                      Object {
                        "Ref": "AWS::URLSuffix",
                      },
                    ],
                  ],
                },
              },
            },
          ],
          "Version": "2012-10-17",
        },
        "Path": "/",
        "Tags": Array [
          Object {
            "Key": "App",
            "Value": "security-hq",
          },
          Object {
            "Key": "gu:cdk:version",
            "Value": "TEST",
          },
          Object {
            "Key": "gu:repo",
            "Value": "guardian/security-hq",
          },
          Object {
            "Key": "Stack",
            "Value": "security",
          },
          Object {
            "Key": "Stage",
            "Value": Object {
              "Ref": "Stage",
            },
          },
        ],
      },
      "Type": "AWS::IAM::Role",
    },
    "InstanceSecurityGroup": Object {
      "Properties": Object {
        "GroupDescription": "security-hq instance",
        "SecurityGroupEgress": Array [
          Object {
            "CidrIp": "0.0.0.0/0",
            "FromPort": 80,
            "IpProtocol": "tcp",
            "ToPort": 80,
          },
          Object {
            "CidrIp": "0.0.0.0/0",
            "FromPort": 443,
            "IpProtocol": "tcp",
            "ToPort": 443,
          },
          Object {
            "CidrIp": "0.0.0.0/0",
            "Description": "Wazuh agent communication",
            "FromPort": 1514,
            "IpProtocol": "tcp",
            "ToPort": 1515,
          },
        ],
        "SecurityGroupIngress": Array [
          Object {
            "FromPort": 9000,
            "IpProtocol": "tcp",
            "SourceSecurityGroupId": Object {
              "Ref": "LoadBalancerSecurityGroup",
            },
            "ToPort": 9000,
          },
        ],
        "Tags": Array [
          Object {
            "Key": "App",
            "Value": Object {
              "Fn::FindInMap": Array [
                "Constants",
                "App",
                "Value",
              ],
            },
          },
          Object {
            "Key": "gu:cdk:version",
            "Value": "TEST",
          },
          Object {
            "Key": "gu:repo",
            "Value": "guardian/security-hq",
          },
          Object {
            "Key": "Stack",
            "Value": "security",
          },
          Object {
            "Key": "Stage",
            "Value": Object {
              "Ref": "Stage",
            },
          },
        ],
        "VpcId": Object {
          "Ref": "OldVpcId",
        },
      },
      "Type": "AWS::EC2::SecurityGroup",
    },
    "LaunchConfig": Object {
      "Properties": Object {
        "AssociatePublicIpAddress": true,
        "IamInstanceProfile": Object {
          "Ref": "SecurityHQInstanceProfile",
        },
        "ImageId": Object {
          "Ref": "AMI",
        },
        "InstanceType": Object {
          "Ref": "InstanceType",
        },
        "SecurityGroups": Array [
          Object {
            "Ref": "InstanceSecurityGroup",
          },
        ],
        "UserData": Object {
          "Fn::Base64": Object {
            "Fn::Sub": Array [
              "#!/bin/bash -ev
# setup security-hq
mkdir -p /etc/gu

aws --region eu-west-1 s3 cp s3://\${SecurityHQSourceBundleBucket}/security/\${Stage}/security-hq/security-hq.conf /etc/gu
aws --region eu-west-1 s3 cp s3://\${SecurityHQSourceBundleBucket}/security/\${Stage}/security-hq/security-hq-service-account-cert.json /etc/gu
aws --region eu-west-1 s3 cp s3://\${SecurityHQSourceBundleBucket}/security/\${Stage}/security-hq/security-hq.deb /tmp/installer.deb

dpkg -i /tmp/installer.deb
",
              Object {
                "Stage": Object {
                  "Ref": "Stage",
                },
              },
            ],
          },
        },
      },
      "Type": "AWS::AutoScaling::LaunchConfiguration",
    },
    "ListenerSecurityhq0F356342": Object {
      "Properties": Object {
        "Certificates": Array [
          Object {
            "CertificateArn": Object {
              "Ref": "CertificateSecurityhqD266EC9D",
            },
          },
        ],
        "DefaultActions": Array [
          Object {
            "TargetGroupArn": Object {
              "Ref": "TargetGroupSecurityhq530DEDAA",
            },
            "Type": "forward",
          },
        ],
        "LoadBalancerArn": Object {
          "Ref": "LoadBalancerSecurityhqF59D9B82",
        },
        "Port": 443,
        "Protocol": "HTTPS",
      },
      "Type": "AWS::ElasticLoadBalancingV2::Listener",
    },
    "LoadBalancer": Object {
      "Properties": Object {
        "AccessLoggingPolicy": Object {
          "EmitInterval": 5,
          "Enabled": true,
          "S3BucketName": "gu-elb-logs",
          "S3BucketPrefix": Object {
            "Fn::Join": Array [
              "/",
              Array [
                "ELBLogs",
                Object {
                  "Fn::FindInMap": Array [
                    "Constants",
                    "Stack",
                    "Value",
                  ],
                },
                Object {
                  "Fn::FindInMap": Array [
                    "Constants",
                    "App",
                    "Value",
                  ],
                },
                Object {
                  "Ref": "Stage",
                },
              ],
            ],
          },
        },
        "CrossZone": true,
        "HealthCheck": Object {
          "HealthyThreshold": "2",
          "Interval": "30",
          "Target": "HTTP:9000/healthcheck",
          "Timeout": "10",
          "UnhealthyThreshold": "10",
        },
        "Listeners": Array [
          Object {
            "InstancePort": "9000",
            "LoadBalancerPort": "443",
            "Protocol": "HTTPS",
            "SSLCertificateId": Object {
              "Ref": "TLSCertArn",
            },
          },
        ],
        "SecurityGroups": Array [
          Object {
            "Ref": "LoadBalancerSecurityGroup",
          },
        ],
        "Subnets": Object {
          "Ref": "Subnets",
        },
        "Tags": Array [
          Object {
            "Key": "App",
            "Value": Object {
              "Fn::FindInMap": Array [
                "Constants",
                "App",
                "Value",
              ],
            },
          },
          Object {
            "Key": "gu:cdk:version",
            "Value": "TEST",
          },
          Object {
            "Key": "gu:repo",
            "Value": "guardian/security-hq",
          },
          Object {
            "Key": "Stack",
            "Value": "security",
          },
          Object {
            "Key": "Stage",
            "Value": Object {
              "Ref": "Stage",
            },
          },
        ],
      },
      "Type": "AWS::ElasticLoadBalancing::LoadBalancer",
    },
    "LoadBalancerSecurityGroup": Object {
      "Properties": Object {
        "GroupDescription": "HTTP access to the load balancer from within the Guardian (for now)",
        "SecurityGroupIngress": Array [
          Object {
            "CidrIp": Object {
              "Ref": "AccessRestrictionCidr",
            },
            "FromPort": 443,
            "IpProtocol": "tcp",
            "ToPort": 443,
          },
        ],
        "Tags": Array [
          Object {
            "Key": "App",
            "Value": Object {
              "Fn::FindInMap": Array [
                "Constants",
                "App",
                "Value",
              ],
            },
          },
          Object {
            "Key": "gu:cdk:version",
            "Value": "TEST",
          },
          Object {
            "Key": "gu:repo",
            "Value": "guardian/security-hq",
          },
          Object {
            "Key": "Stack",
            "Value": "security",
          },
          Object {
            "Key": "Stage",
            "Value": Object {
              "Ref": "Stage",
            },
          },
        ],
        "VpcId": Object {
          "Ref": "OldVpcId",
        },
      },
      "Type": "AWS::EC2::SecurityGroup",
    },
    "LoadBalancerSecurityhqF59D9B82": Object {
      "Properties": Object {
        "LoadBalancerAttributes": Array [
          Object {
            "Key": "deletion_protection.enabled",
            "Value": "true",
          },
        ],
        "Scheme": "internet-facing",
        "SecurityGroups": Array [
          Object {
            "Fn::GetAtt": Array [
              "LoadBalancerSecurityhqSecurityGroup66272916",
              "GroupId",
            ],
          },
          Object {
            "Fn::GetAtt": Array [
              "RestrictedIngressSecurityGroupSecurityhqCA18D247",
              "GroupId",
            ],
          },
        ],
        "Subnets": Object {
          "Ref": "securityhqPublicSubnets",
        },
        "Tags": Array [
          Object {
            "Key": "App",
            "Value": "security-hq",
          },
          Object {
            "Key": "gu:cdk:version",
            "Value": "TEST",
          },
          Object {
            "Key": "gu:repo",
            "Value": "guardian/security-hq",
          },
          Object {
            "Key": "Stack",
            "Value": "security",
          },
          Object {
            "Key": "Stage",
            "Value": Object {
              "Ref": "Stage",
            },
          },
        ],
        "Type": "application",
      },
      "Type": "AWS::ElasticLoadBalancingV2::LoadBalancer",
    },
    "LoadBalancerSecurityhqSecurityGroup66272916": Object {
      "Properties": Object {
        "GroupDescription": "Automatically created Security Group for ELB securityhqLoadBalancerSecurityhq4820B44E",
        "Tags": Array [
          Object {
            "Key": "App",
            "Value": "security-hq",
          },
          Object {
            "Key": "gu:cdk:version",
            "Value": "TEST",
          },
          Object {
            "Key": "gu:repo",
            "Value": "guardian/security-hq",
          },
          Object {
            "Key": "Stack",
            "Value": "security",
          },
          Object {
            "Key": "Stage",
            "Value": Object {
              "Ref": "Stage",
            },
          },
        ],
        "VpcId": Object {
          "Ref": "VpcId",
        },
      },
      "Type": "AWS::EC2::SecurityGroup",
    },
    "LoadBalancerSecurityhqSecurityGrouptosecurityhqGuHttpsEgressSecurityGroupSecurityhqFDD8E89C90004679E20B": Object {
      "Properties": Object {
        "Description": "Load balancer to target",
        "DestinationSecurityGroupId": Object {
          "Fn::GetAtt": Array [
            "GuHttpsEgressSecurityGroupSecurityhq0F9CBE88",
            "GroupId",
          ],
        },
        "FromPort": 9000,
        "GroupId": Object {
          "Fn::GetAtt": Array [
            "LoadBalancerSecurityhqSecurityGroup66272916",
            "GroupId",
          ],
        },
        "IpProtocol": "tcp",
        "ToPort": 9000,
      },
      "Type": "AWS::EC2::SecurityGroupEgress",
    },
    "LoggingPolicy": Object {
      "Properties": Object {
        "PolicyDocument": Object {
          "Statement": Array [
            Object {
              "Action": "sts:AssumeRole",
              "Effect": "Allow",
              "Resource": Object {
                "Ref": "LoggingRoleToAssumeArn",
              },
            },
          ],
          "Version": "2012-10-17",
        },
        "PolicyName": "LoggingPolicy",
        "Roles": Array [
          Object {
            "Ref": "SecurityHQInstanceRole",
          },
        ],
      },
      "Type": "AWS::IAM::Policy",
    },
    "NotificationTopic": Object {
      "Properties": Object {
        "DisplayName": "Security HQ notifications",
        "Subscription": Array [
          Object {
            "Endpoint": Object {
              "Ref": "CloudwatchAlarmEmailDestination",
            },
            "Protocol": "EMAIL",
          },
        ],
        "Tags": Array [
          Object {
            "Key": "gu:cdk:version",
            "Value": "TEST",
          },
          Object {
            "Key": "gu:repo",
            "Value": "guardian/security-hq",
          },
          Object {
            "Key": "Stack",
            "Value": "security",
          },
          Object {
            "Key": "Stage",
            "Value": Object {
              "Ref": "Stage",
            },
          },
        ],
      },
      "Type": "AWS::SNS::Topic",
    },
    "ParameterStoreReadSecurityhq5E138D38": Object {
      "Properties": Object {
        "PolicyDocument": Object {
          "Statement": Array [
            Object {
              "Action": "ssm:GetParametersByPath",
              "Effect": "Allow",
              "Resource": Object {
                "Fn::Join": Array [
                  "",
                  Array [
                    "arn:aws:ssm:",
                    Object {
                      "Ref": "AWS::Region",
                    },
                    ":",
                    Object {
                      "Ref": "AWS::AccountId",
                    },
                    ":parameter/",
                    Object {
                      "Ref": "Stage",
                    },
                    "/security/security-hq",
                  ],
                ],
              },
            },
          ],
          "Version": "2012-10-17",
        },
        "PolicyName": "parameter-store-read-policy",
        "Roles": Array [
          Object {
            "Ref": "InstanceRoleSecurityhq7C08CA33",
          },
        ],
      },
      "Type": "AWS::IAM::Policy",
    },
    "RemovePasswordExecutionFailureAlarm": Object {
      "Properties": Object {
        "AlarmActions": Array [
          Object {
            "Ref": "NotificationTopic",
          },
        ],
        "AlarmDescription": Object {
          "Fn::Sub": "The credentials reaper feature of Security HQ logs either success or failure to cloudwatch, and this alarm lets us know when it logs a failure. Check the application logs for more details https://logs.gutools.co.uk/s/devx/goto/f9915a6e4e94a000732d67026cea91be",
        },
        "AlarmName": Object {
          "Fn::Sub": "Security HQ failed to remove a vulnerable password",
        },
        "ComparisonOperator": "GreaterThanOrEqualToThreshold",
        "Dimensions": Array [
          Object {
            "Name": "ReaperExecutionStatus",
            "Value": "Failure",
          },
        ],
        "EvaluationPeriods": 1,
        "MetricName": "IamRemovePassword",
        "Namespace": "SecurityHQ",
        "Period": 60,
        "Statistic": "Sum",
        "Threshold": 1,
        "TreatMissingData": "notBreaching",
      },
      "Type": "AWS::CloudWatch::Alarm",
    },
    "RemovePasswordFailureAlarm68B6574A": Object {
      "Properties": Object {
        "ActionsEnabled": Object {
          "Fn::FindInMap": Array [
            "securityhq",
            Object {
              "Ref": "Stage",
            },
            "alarmActionsEnabled",
          ],
        },
        "AlarmActions": Array [
          Object {
            "Fn::Join": Array [
              "",
              Array [
                "arn:aws:sns:",
                Object {
                  "Ref": "AWS::Region",
                },
                ":",
                Object {
                  "Ref": "AWS::AccountId",
                },
                ":undefined",
              ],
            ],
          },
        ],
        "AlarmDescription": "The credentials reaper feature of Security HQ logs either success or failure to cloudwatch, and this alarm lets us know when it logs a failure. Check the application logs for more details https://logs.gutools.co.uk/s/devx/goto/f9915a6e4e94a000732d67026cea91be.",
        "AlarmName": "Security HQ failed to remove a vulnerable password (new stack)",
        "ComparisonOperator": "GreaterThanOrEqualToThreshold",
        "Dimensions": Array [
          Object {
            "Name": "ReaperExecutionStatus",
            "Value": "Failure",
          },
        ],
        "EvaluationPeriods": 1,
        "MetricName": "IamRemovePassword",
        "Namespace": "SecurityHQ",
        "Period": 60,
        "Statistic": "Sum",
        "Threshold": 1,
        "TreatMissingData": "notBreaching",
      },
      "Type": "AWS::CloudWatch::Alarm",
    },
    "RestrictedIngressSecurityGroupSecurityhqCA18D247": Object {
      "Properties": Object {
        "GroupDescription": "Allow restricted ingress from CIDR ranges",
        "SecurityGroupIngress": Array [
          Object {
            "CidrIp": Object {
              "Ref": "AccessRestrictionCidr",
            },
            "Description": Object {
              "Fn::Join": Array [
                "",
                Array [
                  "Allow access on port 443 from ",
                  Object {
                    "Ref": "AccessRestrictionCidr",
                  },
                ],
              ],
            },
            "FromPort": 443,
            "IpProtocol": "tcp",
            "ToPort": 443,
          },
        ],
        "Tags": Array [
          Object {
            "Key": "App",
            "Value": "security-hq",
          },
          Object {
            "Key": "gu:cdk:version",
            "Value": "TEST",
          },
          Object {
            "Key": "gu:repo",
            "Value": "guardian/security-hq",
          },
          Object {
            "Key": "Stack",
            "Value": "security",
          },
          Object {
            "Key": "Stage",
            "Value": Object {
              "Ref": "Stage",
            },
          },
        ],
        "VpcId": Object {
          "Ref": "VpcId",
        },
      },
      "Type": "AWS::EC2::SecurityGroup",
    },
    "RestrictedIngressSecurityGroupSecurityhqtosecurityhqGuHttpsEgressSecurityGroupSecurityhqFDD8E89C9000A501F165": Object {
      "Properties": Object {
        "Description": "Load balancer to target",
        "DestinationSecurityGroupId": Object {
          "Fn::GetAtt": Array [
            "GuHttpsEgressSecurityGroupSecurityhq0F9CBE88",
            "GroupId",
          ],
        },
        "FromPort": 9000,
        "GroupId": Object {
          "Fn::GetAtt": Array [
            "RestrictedIngressSecurityGroupSecurityhqCA18D247",
            "GroupId",
          ],
        },
        "IpProtocol": "tcp",
        "ToPort": 9000,
      },
      "Type": "AWS::EC2::SecurityGroupEgress",
    },
    "SSMRunCommandPolicy244E1613": Object {
      "Properties": Object {
        "PolicyDocument": Object {
          "Statement": Array [
            Object {
              "Action": Array [
                "ec2messages:AcknowledgeMessage",
                "ec2messages:DeleteMessage",
                "ec2messages:FailMessage",
                "ec2messages:GetEndpoint",
                "ec2messages:GetMessages",
                "ec2messages:SendReply",
                "ssm:UpdateInstanceInformation",
                "ssm:ListInstanceAssociations",
                "ssm:DescribeInstanceProperties",
                "ssm:DescribeDocumentParameters",
                "ssmmessages:CreateControlChannel",
                "ssmmessages:CreateDataChannel",
                "ssmmessages:OpenControlChannel",
                "ssmmessages:OpenDataChannel",
              ],
              "Effect": "Allow",
              "Resource": "*",
            },
          ],
          "Version": "2012-10-17",
        },
        "PolicyName": "ssm-run-command-policy",
        "Roles": Array [
          Object {
            "Ref": "InstanceRoleSecurityhq7C08CA33",
          },
        ],
      },
      "Type": "AWS::IAM::Policy",
    },
    "SecurityHQAssumeRolePolicy": Object {
      "Properties": Object {
        "PolicyDocument": Object {
          "Statement": Array [
            Object {
              "Action": Array [
                "sts:AssumeRole",
              ],
              "Effect": "Allow",
              "Resource": "*",
            },
          ],
        },
        "PolicyName": "security-hq-assume-role-policy",
        "Roles": Array [
          Object {
            "Ref": "SecurityHQInstanceRole",
          },
        ],
      },
      "Type": "AWS::IAM::Policy",
    },
    "SecurityHQDescribeTagsPolicy": Object {
      "Properties": Object {
        "PolicyDocument": Object {
          "Statement": Array [
            Object {
              "Action": Array [
                "autoscaling:DescribeAutoScalingInstances",
                "autoscaling:DescribeAutoScalingGroups",
                "ec2:DescribeRegions",
                "ec2:DescribeTags",
              ],
              "Effect": "Allow",
              "Resource": "*",
            },
          ],
        },
        "PolicyName": "security-hq-describe-tags-policy",
        "Roles": Array [
          Object {
            "Ref": "SecurityHQInstanceRole",
          },
        ],
      },
      "Type": "AWS::IAM::Policy",
    },
    "SecurityHQDynamoPolicy": Object {
      "Properties": Object {
        "PolicyDocument": Object {
          "Statement": Array [
            Object {
              "Action": Array [
                "dynamodb:GetItem",
                "dynamodb:UpdateItem",
                "dynamodb:DeleteItem",
                "dynamodb:PutItem",
                "dynamodb:Scan",
                "dynamodb:Query",
              ],
              "Effect": "Allow",
              "Resource": Object {
                "Fn::GetAtt": "SecurityHqIamDynamoTable.Arn",
              },
            },
          ],
        },
        "PolicyName": "security-hq-dynamodb-policy",
        "Roles": Array [
          Object {
            "Ref": "SecurityHQInstanceRole",
          },
        ],
      },
      "Type": "AWS::IAM::Policy",
    },
    "SecurityHQInstallBucketPolicy": Object {
      "Properties": Object {
        "PolicyDocument": Object {
          "Statement": Array [
            Object {
              "Action": Array [
                "s3:ListBucketVersions",
                "s3:ListBucket",
                "s3:GetObjectVersion",
                "s3:GetObject",
              ],
              "Effect": "Allow",
              "Resource": Array [
                Object {
                  "Fn::Sub": "arn:aws:s3:::\${SecurityHQSourceBundleBucket}",
                },
                Object {
                  "Fn::Sub": "arn:aws:s3:::\${SecurityHQSourceBundleBucket}/*",
                },
              ],
            },
            Object {
              "Action": Array [
                "ssm:GetParametersByPath",
              ],
              "Effect": "Allow",
              "Resource": "*",
            },
            Object {
              "Action": Array [
                "ec2:DescribeRegions",
              ],
              "Effect": "Allow",
              "Resource": "*",
            },
          ],
        },
        "PolicyName": "security-hq-install-bucket-policy",
        "Roles": Array [
          Object {
            "Ref": "SecurityHQInstanceRole",
          },
        ],
      },
      "Type": "AWS::IAM::Policy",
    },
    "SecurityHQInstanceProfile": Object {
      "Properties": Object {
        "Path": "/",
        "Roles": Array [
          Object {
            "Ref": "SecurityHQInstanceRole",
          },
        ],
      },
      "Type": "AWS::IAM::InstanceProfile",
    },
    "SecurityHQInstanceRole": Object {
      "Properties": Object {
        "AssumeRolePolicyDocument": Object {
          "Statement": Array [
            Object {
              "Action": Array [
                "sts:AssumeRole",
              ],
              "Effect": "Allow",
              "Principal": Object {
                "Service": Array [
                  "ec2.amazonaws.com",
                ],
              },
            },
          ],
        },
        "Path": "/",
        "Tags": Array [
          Object {
            "Key": "gu:cdk:version",
            "Value": "TEST",
          },
          Object {
            "Key": "gu:repo",
            "Value": "guardian/security-hq",
          },
          Object {
            "Key": "Stack",
            "Value": "security",
          },
          Object {
            "Key": "Stage",
            "Value": Object {
              "Ref": "Stage",
            },
          },
        ],
      },
      "Type": "AWS::IAM::Role",
    },
    "SecurityHQSSMRunCommandPolicy": Object {
      "Properties": Object {
        "PolicyDocument": Object {
          "Statement": Array [
            Object {
              "Action": Array [
                "ec2messages:AcknowledgeMessage",
                "ec2messages:DeleteMessage",
                "ec2messages:FailMessage",
                "ec2messages:GetEndpoint",
                "ec2messages:GetMessages",
                "ec2messages:SendReply",
                "ssm:UpdateInstanceInformation",
                "ssm:ListInstanceAssociations",
                "ssm:DescribeInstanceProperties",
                "ssm:DescribeDocumentParameters",
                "ssmmessages:CreateControlChannel",
                "ssmmessages:CreateDataChannel",
                "ssmmessages:OpenControlChannel",
                "ssmmessages:OpenDataChannel",
              ],
              "Effect": "Allow",
              "Resource": "*",
            },
          ],
        },
        "PolicyName": "security-hq-ssm-run-command-policy",
        "Roles": Array [
          Object {
            "Ref": "SecurityHQInstanceRole",
          },
        ],
      },
      "Type": "AWS::IAM::Policy",
    },
    "SecurityHqIamDynamoTable": Object {
      "DeletionPolicy": "Retain",
      "Properties": Object {
        "AttributeDefinitions": Array [
          Object {
            "AttributeName": "id",
            "AttributeType": "S",
          },
        ],
        "KeySchema": Array [
          Object {
            "AttributeName": "id",
            "KeyType": "HASH",
          },
        ],
        "ProvisionedThroughput": Object {
          "ReadCapacityUnits": 5,
          "WriteCapacityUnits": 5,
        },
        "TableName": Object {
          "Fn::Sub": Array [
            "security-hq-iam-\${Stage}",
            Object {
              "Stage": Object {
                "Ref": "Stage",
              },
            },
          ],
        },
        "Tags": Array [
          Object {
            "Key": "App",
            "Value": Object {
              "Fn::FindInMap": Array [
                "Constants",
                "App",
                "Value",
              ],
            },
          },
          Object {
            "Key": "gu:cdk:version",
            "Value": "TEST",
          },
          Object {
            "Key": "gu:repo",
            "Value": "guardian/security-hq",
          },
          Object {
            "Key": "Stack",
            "Value": "security",
          },
          Object {
            "Key": "Stage",
            "Value": Object {
              "Ref": "Stage",
            },
          },
        ],
      },
      "Type": "AWS::DynamoDB::Table",
    },
    "SnsPolicy": Object {
      "Properties": Object {
        "PolicyDocument": Object {
          "Statement": Array [
            Object {
              "Action": "sns:Publish",
              "Effect": "Allow",
              "Resource": Object {
                "Ref": "TopicARN",
              },
            },
          ],
          "Version": "2012-10-17",
        },
        "PolicyName": "SnsPublish",
        "Roles": Array [
          Object {
            "Ref": "SecurityHQInstanceRole",
          },
        ],
      },
      "Type": "AWS::IAM::Policy",
    },
    "SsmCommands38E42C6A": Object {
      "Properties": Object {
        "PolicyDocument": Object {
          "Statement": Array [
            Object {
              "Action": Array [
                "ec2messages:AcknowledgeMessage",
                "ec2messages:DeleteMessage",
                "ec2messages:FailMessage",
                "ec2messages:GetEndpoint",
                "ec2messages:GetMessages",
                "ec2messages:SendReply",
                "ssm:UpdateInstanceInformation",
                "ssm:ListInstanceAssociations",
                "ssm:DescribeInstanceProperties",
                "ssm:DescribeDocumentParameters",
                "ssmmessages:CreateControlChannel",
                "ssmmessages:CreateDataChannel",
                "ssmmessages:OpenControlChannel",
                "ssmmessages:OpenDataChannel",
              ],
              "Effect": "Allow",
              "Resource": "*",
            },
          ],
          "Version": "2012-10-17",
        },
        "PolicyName": "SsmCommands38E42C6A",
        "Roles": Array [
          Object {
            "Ref": "InstanceRoleSecurityhq7C08CA33",
          },
        ],
      },
      "Type": "AWS::IAM::Policy",
    },
    "TargetGroupSecurityhq530DEDAA": Object {
      "Properties": Object {
        "HealthCheckIntervalSeconds": 10,
        "HealthCheckPath": "/healthcheck",
        "HealthCheckProtocol": "HTTP",
        "HealthCheckTimeoutSeconds": 5,
        "HealthyThresholdCount": 5,
        "Port": 9000,
        "Protocol": "HTTP",
        "Tags": Array [
          Object {
            "Key": "App",
            "Value": "security-hq",
          },
          Object {
            "Key": "gu:cdk:version",
            "Value": "TEST",
          },
          Object {
            "Key": "gu:repo",
            "Value": "guardian/security-hq",
          },
          Object {
            "Key": "Stack",
            "Value": "security",
          },
          Object {
            "Key": "Stage",
            "Value": Object {
              "Ref": "Stage",
            },
          },
        ],
        "TargetGroupAttributes": Array [
          Object {
            "Key": "deregistration_delay.timeout_seconds",
            "Value": "30",
          },
          Object {
            "Key": "stickiness.enabled",
            "Value": "false",
          },
        ],
        "TargetType": "instance",
        "UnhealthyThresholdCount": 2,
        "VpcId": Object {
          "Ref": "VpcId",
        },
      },
      "Type": "AWS::ElasticLoadBalancingV2::TargetGroup",
    },
    "WazuhSecurityGroup": Object {
      "Properties": Object {
        "GroupDescription": "Allow outbound traffic from wazuh agent to manager",
        "SecurityGroupEgress": Array [
          Object {
            "CidrIp": "0.0.0.0/0",
            "Description": "Wazuh event logging",
            "FromPort": 1514,
            "IpProtocol": "tcp",
            "ToPort": 1514,
          },
          Object {
            "CidrIp": "0.0.0.0/0",
            "Description": "Wazuh agent registration",
            "FromPort": 1515,
            "IpProtocol": "tcp",
            "ToPort": 1515,
          },
        ],
        "Tags": Array [
          Object {
            "Key": "gu:cdk:version",
            "Value": "TEST",
          },
          Object {
            "Key": "gu:repo",
            "Value": "guardian/security-hq",
          },
          Object {
            "Key": "Stack",
            "Value": "security",
          },
          Object {
            "Key": "Stage",
            "Value": Object {
              "Ref": "Stage",
            },
          },
        ],
        "VpcId": Object {
          "Ref": "VpcId",
        },
      },
      "Type": "AWS::EC2::SecurityGroup",
    },
    "securityhqgutoolscouk": Object {
      "Properties": Object {
        "Name": Object {
          "Fn::FindInMap": Array [
            "securityhq",
            Object {
              "Ref": "Stage",
            },
            "domainName",
          ],
        },
        "RecordType": "CNAME",
        "ResourceRecords": Array [
          Object {
            "Fn::GetAtt": Array [
              "LoadBalancer",
              "DNSName",
            ],
          },
        ],
        "Stage": Object {
          "Ref": "Stage",
        },
        "TTL": 60,
      },
      "Type": "Guardian::DNS::RecordSet",
    },
  },
}
`;
