// Jest Snapshot v1, https://jestjs.io/docs/snapshot-testing

exports[`HQ stack matches the snapshot 1`] = `
{
  "Metadata": {
    "gu:cdk:constructs": [
      "GuDynamoTable",
      "GuDistributionBucketParameter",
      "GuStringParameter",
      "GuPutCloudwatchMetricsPolicy",
      "GuGetS3ObjectsPolicy",
      "GuPolicy",
      "GuDynamoDBReadPolicy",
      "GuDynamoDBWritePolicy",
      "GuAllowPolicy",
      "GuAllowPolicy",
      "GuParameter",
      "GuAlarm",
      "GuAlarm",
      "GuAlarm",
      "GuAlarm",
      "GuAlarm",
      "GuAlarm",
      "GuDeveloperPolicyExperimental",
      "GuAnghammaradTopicParameter",
      "GuAnghammaradSenderPolicy",
      "GuScheduledLambda",
      "GuLambdaErrorPercentageAlarm",
      "GuScheduledLambda",
      "GuLambdaErrorPercentageAlarm",
    ],
    "gu:cdk:version": "TEST",
  },
  "Parameters": {
    "AnghammaradSnsArn": {
      "Default": "/account/services/anghammarad.topic.arn",
      "Description": "SSM parameter containing the ARN of the Anghammarad SNS topic",
      "Type": "AWS::SSM::Parameter::Value<String>",
    },
    "AuditDataS3BucketName": {
      "Default": "/security/security-hq/audit-data-s3-bucket/name",
      "Description": "Name of the S3 bucket to fetch auditable data from (e.g. Janus data)",
      "Type": "AWS::SSM::Parameter::Value<String>",
    },
    "CloudwatchAlarmEmailDestination": {
      "Description": "Send Security HQ cloudwatch alarms to this email address",
      "Type": "String",
    },
    "DistributionBucketName": {
      "Default": "/account/services/artifact.bucket",
      "Description": "SSM parameter containing the S3 bucket name holding distribution artifacts",
      "Type": "AWS::SSM::Parameter::Value<String>",
    },
  },
  "Resources": {
    "AssumeRole3910C09D": {
      "Properties": {
        "PolicyDocument": {
          "Statement": [
            {
              "Action": "sts:AssumeRole",
              "Effect": "Allow",
              "Resource": "*",
            },
          ],
          "Version": "2012-10-17",
        },
        "PolicyName": "AssumeRole3910C09D",
        "Roles": [
          {
            "Ref": "iamoutdatedcredentialsServiceRoleEE7EC16A",
          },
          {
            "Ref": "iamunrecognisedusersServiceRole58E0D3DD",
          },
        ],
      },
      "Type": "AWS::IAM::Policy",
    },
    "DescribeRegions9F63D96D": {
      "Properties": {
        "PolicyDocument": {
          "Statement": [
            {
              "Action": "ec2:DescribeRegions",
              "Effect": "Allow",
              "Resource": "*",
            },
          ],
          "Version": "2012-10-17",
        },
        "PolicyName": "DescribeRegions9F63D96D",
        "Roles": [
          {
            "Ref": "iamoutdatedcredentialsServiceRoleEE7EC16A",
          },
          {
            "Ref": "iamunrecognisedusersServiceRole58E0D3DD",
          },
        ],
      },
      "Type": "AWS::IAM::Policy",
    },
    "DisableAccessKeyFailureAlarm03FFC3CB": {
      "Properties": {
        "ActionsEnabled": true,
        "AlarmActions": [
          {
            "Fn::Join": [
              "",
              [
                "arn:aws:sns:eu-west-1:",
                {
                  "Ref": "AWS::AccountId",
                },
                ":",
                {
                  "Fn::GetAtt": [
                    "NotificationTopicEB7A0DF1",
                    "TopicName",
                  ],
                },
              ],
            ],
          },
        ],
        "AlarmDescription": "The credentials reaper feature of Security HQ logs either success or failure to cloudwatch, and this alarm lets us know when it logs a failure. Check the application logs for more details https://logs.gutools.co.uk/s/devx/goto/f9915a6e4e94a000732d67026cea91be.",
        "AlarmName": "Security HQ failed to disable a vulnerable access key (new stack)",
        "ComparisonOperator": "GreaterThanOrEqualToThreshold",
        "Dimensions": [
          {
            "Name": "ReaperExecutionStatus",
            "Value": "Failure",
          },
        ],
        "EvaluationPeriods": 1,
        "MetricName": "IamDisableAccessKey",
        "Namespace": "SecurityHQ",
        "Period": 60,
        "Statistic": "Sum",
        "Tags": [
          {
            "Key": "gu:cdk:version",
            "Value": "TEST",
          },
          {
            "Key": "gu:repo",
            "Value": "guardian/security-hq",
          },
          {
            "Key": "Stack",
            "Value": "security",
          },
          {
            "Key": "Stage",
            "Value": "PROD",
          },
        ],
        "Threshold": 1,
        "TreatMissingData": "notBreaching",
      },
      "Type": "AWS::CloudWatch::Alarm",
    },
    "DisableAccessKeyNotRunningAlarm94D518B3": {
      "Properties": {
        "ActionsEnabled": true,
        "AlarmActions": [
          {
            "Fn::Join": [
              "",
              [
                "arn:aws:sns:eu-west-1:",
                {
                  "Ref": "AWS::AccountId",
                },
                ":",
                {
                  "Fn::GetAtt": [
                    "NotificationTopicEB7A0DF1",
                    "TopicName",
                  ],
                },
              ],
            ],
          },
        ],
        "AlarmDescription": "The credentials reaper feature of Security HQ emits metrics showing how many actions it has taken, and this alarm lets us know when it does not emit. Check the application logs for more details https://logs.gutools.co.uk/s/devx/goto/f9915a6e4e94a000732d67026cea91be.",
        "AlarmName": "Security HQ failed to emit vulnerable access key metrics",
        "ComparisonOperator": "LessThanThreshold",
        "Dimensions": [
          {
            "Name": "ReaperExecutionStatus",
            "Value": "Success",
          },
        ],
        "EvaluationPeriods": 1,
        "MetricName": "IamDisableAccessKey",
        "Namespace": "SecurityHQ",
        "Period": 259200,
        "Statistic": "Sum",
        "Tags": [
          {
            "Key": "gu:cdk:version",
            "Value": "TEST",
          },
          {
            "Key": "gu:repo",
            "Value": "guardian/security-hq",
          },
          {
            "Key": "Stack",
            "Value": "security",
          },
          {
            "Key": "Stage",
            "Value": "PROD",
          },
        ],
        "Threshold": 0,
        "TreatMissingData": "breaching",
      },
      "Type": "AWS::CloudWatch::Alarm",
    },
    "DisableOutdatedKeysFailureAlarmEB74E827": {
      "Properties": {
        "ActionsEnabled": true,
        "AlarmActions": [
          {
            "Fn::Join": [
              "",
              [
                "arn:aws:sns:eu-west-1:",
                {
                  "Ref": "AWS::AccountId",
                },
                ":",
                {
                  "Fn::GetAtt": [
                    "NotificationTopicEB7A0DF1",
                    "TopicName",
                  ],
                },
              ],
            ],
          },
        ],
        "AlarmDescription": "The credentials reaper feature of Security HQ logs either success or failure to cloudwatch, and this alarm lets us know when it logs a failure. Check the application logs for more details https://logs.gutools.co.uk/s/devx/goto/f9915a6e4e94a000732d67026cea91be.",
        "AlarmName": "Security HQ failed to disable an outdated access key (new stack)",
        "ComparisonOperator": "GreaterThanOrEqualToThreshold",
        "Dimensions": [
          {
            "Name": "ReaperExecutionStatus",
            "Value": "Failure",
          },
        ],
        "EvaluationPeriods": 1,
        "MetricName": "IamDisableOutdatedKeys",
        "Namespace": "SecurityHQ",
        "Period": 60,
        "Statistic": "Sum",
        "Tags": [
          {
            "Key": "gu:cdk:version",
            "Value": "TEST",
          },
          {
            "Key": "gu:repo",
            "Value": "guardian/security-hq",
          },
          {
            "Key": "Stack",
            "Value": "security",
          },
          {
            "Key": "Stage",
            "Value": "PROD",
          },
        ],
        "Threshold": 1,
        "TreatMissingData": "notBreaching",
      },
      "Type": "AWS::CloudWatch::Alarm",
    },
    "DisableOutdatedKeysNotRunningAlarm496E6C34": {
      "Properties": {
        "ActionsEnabled": true,
        "AlarmActions": [
          {
            "Fn::Join": [
              "",
              [
                "arn:aws:sns:eu-west-1:",
                {
                  "Ref": "AWS::AccountId",
                },
                ":",
                {
                  "Fn::GetAtt": [
                    "NotificationTopicEB7A0DF1",
                    "TopicName",
                  ],
                },
              ],
            ],
          },
        ],
        "AlarmDescription": "The credentials reaper feature of Security HQ emits metrics showing how many actions it has taken, and this alarm lets us know when it does not emit. Check the application logs for more details https://logs.gutools.co.uk/s/devx/goto/f9915a6e4e94a000732d67026cea91be.",
        "AlarmName": "Security HQ failed to emit outdated access key metrics",
        "ComparisonOperator": "LessThanThreshold",
        "Dimensions": [
          {
            "Name": "ReaperExecutionStatus",
            "Value": "Success",
          },
        ],
        "EvaluationPeriods": 1,
        "MetricName": "IamDisableOutdatedKeys",
        "Namespace": "SecurityHQ",
        "Period": 259200,
        "Statistic": "Sum",
        "Tags": [
          {
            "Key": "gu:cdk:version",
            "Value": "TEST",
          },
          {
            "Key": "gu:repo",
            "Value": "guardian/security-hq",
          },
          {
            "Key": "Stack",
            "Value": "security",
          },
          {
            "Key": "Stage",
            "Value": "PROD",
          },
        ],
        "Threshold": 0,
        "TreatMissingData": "breaching",
      },
      "Type": "AWS::CloudWatch::Alarm",
    },
    "DynamoReadF4CBA3FD": {
      "Properties": {
        "PolicyDocument": {
          "Statement": [
            {
              "Action": [
                "dynamodb:BatchGetItem",
                "dynamodb:GetItem",
                "dynamodb:Scan",
                "dynamodb:Query",
                "dynamodb:GetRecords",
              ],
              "Effect": "Allow",
              "Resource": [
                {
                  "Fn::Join": [
                    "",
                    [
                      "arn:aws:dynamodb:eu-west-1:",
                      {
                        "Ref": "AWS::AccountId",
                      },
                      ":table/",
                      {
                        "Ref": "SecurityHqIamDynamoTable",
                      },
                    ],
                  ],
                },
                {
                  "Fn::Join": [
                    "",
                    [
                      "arn:aws:dynamodb:eu-west-1:",
                      {
                        "Ref": "AWS::AccountId",
                      },
                      ":table/",
                      {
                        "Ref": "SecurityHqIamDynamoTable",
                      },
                      "/index/*",
                    ],
                  ],
                },
              ],
            },
          ],
          "Version": "2012-10-17",
        },
        "PolicyName": "DynamoReadF4CBA3FD",
        "Roles": [
          {
            "Ref": "iamoutdatedcredentialsServiceRoleEE7EC16A",
          },
        ],
      },
      "Type": "AWS::IAM::Policy",
    },
    "DynamoWrite95D291C9": {
      "Properties": {
        "PolicyDocument": {
          "Statement": [
            {
              "Action": [
                "dynamodb:BatchWriteItem",
                "dynamodb:PutItem",
                "dynamodb:DeleteItem",
                "dynamodb:UpdateItem",
              ],
              "Effect": "Allow",
              "Resource": [
                {
                  "Fn::Join": [
                    "",
                    [
                      "arn:aws:dynamodb:eu-west-1:",
                      {
                        "Ref": "AWS::AccountId",
                      },
                      ":table/",
                      {
                        "Ref": "SecurityHqIamDynamoTable",
                      },
                    ],
                  ],
                },
                {
                  "Fn::Join": [
                    "",
                    [
                      "arn:aws:dynamodb:eu-west-1:",
                      {
                        "Ref": "AWS::AccountId",
                      },
                      ":table/",
                      {
                        "Ref": "SecurityHqIamDynamoTable",
                      },
                      "/index/*",
                    ],
                  ],
                },
              ],
            },
          ],
          "Version": "2012-10-17",
        },
        "PolicyName": "DynamoWrite95D291C9",
        "Roles": [
          {
            "Ref": "iamoutdatedcredentialsServiceRoleEE7EC16A",
          },
        ],
      },
      "Type": "AWS::IAM::Policy",
    },
    "GuAnghammaradSenderPolicy674A3874": {
      "Properties": {
        "PolicyDocument": {
          "Statement": [
            {
              "Action": "sns:Publish",
              "Effect": "Allow",
              "Resource": {
                "Ref": "AnghammaradSnsArn",
              },
            },
          ],
          "Version": "2012-10-17",
        },
        "PolicyName": "GuAnghammaradSenderPolicy674A3874",
        "Roles": [
          {
            "Ref": "iamoutdatedcredentialsServiceRoleEE7EC16A",
          },
          {
            "Ref": "iamunrecognisedusersServiceRole58E0D3DD",
          },
        ],
      },
      "Type": "AWS::IAM::Policy",
    },
    "GuPutCloudwatchMetricsPolicyC5BCE402": {
      "Properties": {
        "PolicyDocument": {
          "Statement": [
            {
              "Action": "cloudwatch:PutMetricData",
              "Effect": "Allow",
              "Resource": "*",
            },
          ],
          "Version": "2012-10-17",
        },
        "PolicyName": "GuPutCloudwatchMetricsPolicyC5BCE402",
        "Roles": [
          {
            "Ref": "iamoutdatedcredentialsServiceRoleEE7EC16A",
          },
          {
            "Ref": "iamunrecognisedusersServiceRole58E0D3DD",
          },
        ],
      },
      "Type": "AWS::IAM::Policy",
    },
    "NotificationTopicEB7A0DF1": {
      "Properties": {
        "DisplayName": "Security HQ notifications",
        "Tags": [
          {
            "Key": "gu:cdk:version",
            "Value": "TEST",
          },
          {
            "Key": "gu:repo",
            "Value": "guardian/security-hq",
          },
          {
            "Key": "Stack",
            "Value": "security",
          },
          {
            "Key": "Stage",
            "Value": "PROD",
          },
        ],
      },
      "Type": "AWS::SNS::Topic",
    },
    "NotificationTopicTokenSubscription180FA58AD": {
      "Properties": {
        "Endpoint": {
          "Ref": "CloudwatchAlarmEmailDestination",
        },
        "Protocol": "email",
        "TopicArn": {
          "Ref": "NotificationTopicEB7A0DF1",
        },
      },
      "Type": "AWS::SNS::Subscription",
    },
    "RemovePasswordFailureAlarm68B6574A": {
      "Properties": {
        "ActionsEnabled": true,
        "AlarmActions": [
          {
            "Fn::Join": [
              "",
              [
                "arn:aws:sns:eu-west-1:",
                {
                  "Ref": "AWS::AccountId",
                },
                ":",
                {
                  "Fn::GetAtt": [
                    "NotificationTopicEB7A0DF1",
                    "TopicName",
                  ],
                },
              ],
            ],
          },
        ],
        "AlarmDescription": "The credentials reaper feature of Security HQ logs either success or failure to cloudwatch, and this alarm lets us know when it logs a failure. Check the application logs for more details https://logs.gutools.co.uk/s/devx/goto/f9915a6e4e94a000732d67026cea91be.",
        "AlarmName": "Security HQ failed to remove a vulnerable password (new stack)",
        "ComparisonOperator": "GreaterThanOrEqualToThreshold",
        "Dimensions": [
          {
            "Name": "ReaperExecutionStatus",
            "Value": "Failure",
          },
        ],
        "EvaluationPeriods": 1,
        "MetricName": "IamRemovePassword",
        "Namespace": "SecurityHQ",
        "Period": 60,
        "Statistic": "Sum",
        "Tags": [
          {
            "Key": "gu:cdk:version",
            "Value": "TEST",
          },
          {
            "Key": "gu:repo",
            "Value": "guardian/security-hq",
          },
          {
            "Key": "Stack",
            "Value": "security",
          },
          {
            "Key": "Stage",
            "Value": "PROD",
          },
        ],
        "Threshold": 1,
        "TreatMissingData": "notBreaching",
      },
      "Type": "AWS::CloudWatch::Alarm",
    },
    "RemovePasswordNotRunningAlarmB4DB66B6": {
      "Properties": {
        "ActionsEnabled": true,
        "AlarmActions": [
          {
            "Fn::Join": [
              "",
              [
                "arn:aws:sns:eu-west-1:",
                {
                  "Ref": "AWS::AccountId",
                },
                ":",
                {
                  "Fn::GetAtt": [
                    "NotificationTopicEB7A0DF1",
                    "TopicName",
                  ],
                },
              ],
            ],
          },
        ],
        "AlarmDescription": "The credentials reaper feature of Security HQ emits metrics showing how many actions it has taken, and this alarm lets us know when it does not emit. Check the application logs for more details https://logs.gutools.co.uk/s/devx/goto/f9915a6e4e94a000732d67026cea91be.",
        "AlarmName": "Security HQ failed to emit vulnerable password metrics",
        "ComparisonOperator": "LessThanThreshold",
        "Dimensions": [
          {
            "Name": "ReaperExecutionStatus",
            "Value": "Success",
          },
        ],
        "EvaluationPeriods": 1,
        "MetricName": "IamRemovePassword",
        "Namespace": "SecurityHQ",
        "Period": 259200,
        "Statistic": "Sum",
        "Tags": [
          {
            "Key": "gu:cdk:version",
            "Value": "TEST",
          },
          {
            "Key": "gu:repo",
            "Value": "guardian/security-hq",
          },
          {
            "Key": "Stack",
            "Value": "security",
          },
          {
            "Key": "Stage",
            "Value": "PROD",
          },
        ],
        "Threshold": 0,
        "TreatMissingData": "breaching",
      },
      "Type": "AWS::CloudWatch::Alarm",
    },
    "RunSecurityHqLocallyPolicyF7855C97": {
      "Properties": {
        "Description": "Run Security HQ lambdas locally",
        "Path": "/developer-policy/guardian/security-hq/security/PROD/security-hq-dev/",
        "PolicyDocument": {
          "Statement": [
            {
              "Action": "sts:GetCallerIdentity",
              "Effect": "Allow",
              "Resource": "*",
            },
            {
              "Action": "ssm:GetParameter",
              "Effect": "Allow",
              "Resource": {
                "Fn::Join": [
                  "",
                  [
                    "arn:aws:ssm:eu-west-1:",
                    {
                      "Ref": "AWS::AccountId",
                    },
                    ":parameter/account/services/artifact.bucket",
                  ],
                ],
              },
            },
            {
              "Action": "s3:GetObject",
              "Effect": "Allow",
              "Resource": {
                "Fn::Join": [
                  "",
                  [
                    "arn:aws:s3:::",
                    {
                      "Ref": "DistributionBucketName",
                    },
                    "/security/DEV/security-hq/*",
                  ],
                ],
              },
            },
            {
              "Action": "s3:GetObject",
              "Effect": "Allow",
              "Resource": {
                "Fn::Join": [
                  "",
                  [
                    "arn:aws:s3:::",
                    {
                      "Ref": "DistributionBucketName",
                    },
                    "/security/PROD/security-hq/security-hq.conf",
                  ],
                ],
              },
              "Sid": "LoadAccountConfig",
            },
            {
              "Action": "s3:ListBucket",
              "Effect": "Allow",
              "Resource": "arn:aws:s3:::gu-security-hq-audit",
              "Sid": "ListAuditBucket",
            },
            {
              "Action": "s3:GetObject",
              "Effect": "Allow",
              "Resource": "arn:aws:s3:::gu-security-hq-audit/*",
              "Sid": "GetAuditObject",
            },
            {
              "Action": "ec2:DescribeRegions",
              "Effect": "Allow",
              "Resource": "*",
              "Sid": "DiscoverRegions",
            },
            {
              "Action": [
                "iam:GenerateCredentialReport",
                "iam:GetCredentialReport",
              ],
              "Effect": "Allow",
              "Resource": "*",
            },
            {
              "Action": [
                "cloudformation:DescribeStacks",
                "cloudformation:ListStacks",
              ],
              "Effect": "Allow",
              "Resource": "*",
            },
            {
              "Action": [
                "iam:ListUserTags",
                "iam:ListAccessKeys",
                "iam:ListMFADevices",
              ],
              "Effect": "Allow",
              "Resource": "*",
            },
          ],
          "Version": "2012-10-17",
        },
      },
      "Type": "AWS::IAM::ManagedPolicy",
    },
    "S3AuditRead9DF4AE59": {
      "Properties": {
        "PolicyDocument": {
          "Statement": [
            {
              "Action": "s3:GetObject",
              "Effect": "Allow",
              "Resource": {
                "Fn::Join": [
                  "",
                  [
                    "arn:aws:s3:::",
                    {
                      "Ref": "AuditDataS3BucketName",
                    },
                    "/security/PROD/*",
                  ],
                ],
              },
            },
          ],
          "Version": "2012-10-17",
        },
        "PolicyName": "S3AuditRead9DF4AE59",
        "Roles": [
          {
            "Ref": "iamoutdatedcredentialsServiceRoleEE7EC16A",
          },
          {
            "Ref": "iamunrecognisedusersServiceRole58E0D3DD",
          },
        ],
      },
      "Type": "AWS::IAM::Policy",
    },
    "S3ConfigRead61D038C2": {
      "Properties": {
        "PolicyDocument": {
          "Statement": [
            {
              "Action": "s3:GetObject",
              "Effect": "Allow",
              "Resource": {
                "Fn::Join": [
                  "",
                  [
                    "arn:aws:s3:::",
                    {
                      "Ref": "DistributionBucketName",
                    },
                    "/security/PROD/security-hq/security-hq.conf",
                  ],
                ],
              },
              "Sid": "LoadAccountConfig",
            },
          ],
          "Version": "2012-10-17",
        },
        "PolicyName": "S3ConfigRead61D038C2",
        "Roles": [
          {
            "Ref": "iamoutdatedcredentialsServiceRoleEE7EC16A",
          },
          {
            "Ref": "iamunrecognisedusersServiceRole58E0D3DD",
          },
        ],
      },
      "Type": "AWS::IAM::Policy",
    },
    "SecurityHqIamDynamoTable": {
      "DeletionPolicy": "Retain",
      "Properties": {
        "AttributeDefinitions": [
          {
            "AttributeName": "id",
            "AttributeType": "S",
          },
          {
            "AttributeName": "dateNotificationSent",
            "AttributeType": "N",
          },
        ],
        "DeletionProtectionEnabled": true,
        "KeySchema": [
          {
            "AttributeName": "id",
            "KeyType": "HASH",
          },
          {
            "AttributeName": "dateNotificationSent",
            "KeyType": "RANGE",
          },
        ],
        "ProvisionedThroughput": {
          "ReadCapacityUnits": 5,
          "WriteCapacityUnits": 5,
        },
        "TableName": "security-hq-iam",
        "Tags": [
          {
            "Key": "devx-backup-enabled",
            "Value": "true",
          },
          {
            "Key": "gu:cdk:version",
            "Value": "TEST",
          },
          {
            "Key": "gu:repo",
            "Value": "guardian/security-hq",
          },
          {
            "Key": "Stack",
            "Value": "security",
          },
          {
            "Key": "Stage",
            "Value": "PROD",
          },
        ],
      },
      "Type": "AWS::DynamoDB::Table",
      "UpdateReplacePolicy": "Retain",
    },
    "iamoutdatedcredentials652F7EC1": {
      "DependsOn": [
        "iamoutdatedcredentialsServiceRoleDefaultPolicy9E9522D7",
        "iamoutdatedcredentialsServiceRoleEE7EC16A",
      ],
      "Properties": {
        "Code": {
          "S3Bucket": {
            "Ref": "DistributionBucketName",
          },
          "S3Key": "security/PROD/iam-outdated-credentials/iam-outdated-credentials-TEST.jar",
        },
        "Environment": {
          "Variables": {
            "APP": "iam-outdated-credentials",
            "CONFIG_BUCKET": "security-dist",
            "CONFIG_KEY": "security/PROD/security-hq/security-hq.conf",
            "DRY_RUN": "false",
            "STACK": "security",
            "STAGE": "PROD",
          },
        },
        "Handler": "logic.IamOutdatedCredentialsLambda::handleRequest",
        "LoggingConfig": {
          "LogFormat": "JSON",
        },
        "MemorySize": 1024,
        "Role": {
          "Fn::GetAtt": [
            "iamoutdatedcredentialsServiceRoleEE7EC16A",
            "Arn",
          ],
        },
        "Runtime": "java21",
        "Tags": [
          {
            "Key": "App",
            "Value": "iam-outdated-credentials",
          },
          {
            "Key": "gu:cdk:version",
            "Value": "TEST",
          },
          {
            "Key": "gu:repo",
            "Value": "guardian/security-hq",
          },
          {
            "Key": "Stack",
            "Value": "security",
          },
          {
            "Key": "Stage",
            "Value": "PROD",
          },
        ],
        "Timeout": 600,
      },
      "Type": "AWS::Lambda::Function",
    },
    "iamoutdatedcredentialsErrorPercentageAlarmForLambda8221647B": {
      "Properties": {
        "ActionsEnabled": true,
        "AlarmActions": [
          {
            "Fn::Join": [
              "",
              [
                "arn:aws:sns:eu-west-1:",
                {
                  "Ref": "AWS::AccountId",
                },
                ":",
                {
                  "Ref": "AnghammaradSnsArn",
                },
              ],
            ],
          },
        ],
        "AlarmDescription": {
          "Fn::Join": [
            "",
            [
              {
                "Ref": "iamoutdatedcredentials652F7EC1",
              },
              " exceeded 0% error rate",
            ],
          ],
        },
        "AlarmName": {
          "Fn::Join": [
            "",
            [
              "High error percentage from ",
              {
                "Ref": "iamoutdatedcredentials652F7EC1",
              },
              " lambda in PROD",
            ],
          ],
        },
        "ComparisonOperator": "GreaterThanThreshold",
        "EvaluationPeriods": 1,
        "Metrics": [
          {
            "Expression": "100*m1/m2",
            "Id": "expr_1",
            "Label": {
              "Fn::Join": [
                "",
                [
                  "Error % of ",
                  {
                    "Ref": "iamoutdatedcredentials652F7EC1",
                  },
                ],
              ],
            },
            "ReturnData": true,
          },
          {
            "Id": "m1",
            "MetricStat": {
              "Metric": {
                "Dimensions": [
                  {
                    "Name": "FunctionName",
                    "Value": {
                      "Ref": "iamoutdatedcredentials652F7EC1",
                    },
                  },
                ],
                "MetricName": "Errors",
                "Namespace": "AWS/Lambda",
              },
              "Period": 60,
              "Stat": "Sum",
            },
            "ReturnData": false,
          },
          {
            "Id": "m2",
            "MetricStat": {
              "Metric": {
                "Dimensions": [
                  {
                    "Name": "FunctionName",
                    "Value": {
                      "Ref": "iamoutdatedcredentials652F7EC1",
                    },
                  },
                ],
                "MetricName": "Invocations",
                "Namespace": "AWS/Lambda",
              },
              "Period": 60,
              "Stat": "Sum",
            },
            "ReturnData": false,
          },
        ],
        "Tags": [
          {
            "Key": "gu:cdk:version",
            "Value": "TEST",
          },
          {
            "Key": "gu:repo",
            "Value": "guardian/security-hq",
          },
          {
            "Key": "Stack",
            "Value": "security",
          },
          {
            "Key": "Stage",
            "Value": "PROD",
          },
        ],
        "Threshold": 0,
        "TreatMissingData": "notBreaching",
      },
      "Type": "AWS::CloudWatch::Alarm",
    },
    "iamoutdatedcredentialsServiceRoleDefaultPolicy9E9522D7": {
      "Properties": {
        "PolicyDocument": {
          "Statement": [
            {
              "Action": [
                "s3:GetObject*",
                "s3:GetBucket*",
                "s3:List*",
              ],
              "Effect": "Allow",
              "Resource": [
                {
                  "Fn::Join": [
                    "",
                    [
                      "arn:",
                      {
                        "Ref": "AWS::Partition",
                      },
                      ":s3:::",
                      {
                        "Ref": "DistributionBucketName",
                      },
                    ],
                  ],
                },
                {
                  "Fn::Join": [
                    "",
                    [
                      "arn:",
                      {
                        "Ref": "AWS::Partition",
                      },
                      ":s3:::",
                      {
                        "Ref": "DistributionBucketName",
                      },
                      "/security/PROD/iam-outdated-credentials/iam-outdated-credentials-TEST.jar",
                    ],
                  ],
                },
              ],
            },
            {
              "Action": "ssm:GetParametersByPath",
              "Effect": "Allow",
              "Resource": {
                "Fn::Join": [
                  "",
                  [
                    "arn:aws:ssm:eu-west-1:",
                    {
                      "Ref": "AWS::AccountId",
                    },
                    ":parameter/PROD/security/iam-outdated-credentials",
                  ],
                ],
              },
            },
            {
              "Action": [
                "ssm:GetParameters",
                "ssm:GetParameter",
              ],
              "Effect": "Allow",
              "Resource": {
                "Fn::Join": [
                  "",
                  [
                    "arn:aws:ssm:eu-west-1:",
                    {
                      "Ref": "AWS::AccountId",
                    },
                    ":parameter/PROD/security/iam-outdated-credentials/*",
                  ],
                ],
              },
            },
          ],
          "Version": "2012-10-17",
        },
        "PolicyName": "iamoutdatedcredentialsServiceRoleDefaultPolicy9E9522D7",
        "Roles": [
          {
            "Ref": "iamoutdatedcredentialsServiceRoleEE7EC16A",
          },
        ],
      },
      "Type": "AWS::IAM::Policy",
    },
    "iamoutdatedcredentialsServiceRoleEE7EC16A": {
      "Properties": {
        "AssumeRolePolicyDocument": {
          "Statement": [
            {
              "Action": "sts:AssumeRole",
              "Effect": "Allow",
              "Principal": {
                "Service": "lambda.amazonaws.com",
              },
            },
          ],
          "Version": "2012-10-17",
        },
        "ManagedPolicyArns": [
          {
            "Fn::Join": [
              "",
              [
                "arn:",
                {
                  "Ref": "AWS::Partition",
                },
                ":iam::aws:policy/service-role/AWSLambdaBasicExecutionRole",
              ],
            ],
          },
        ],
        "Tags": [
          {
            "Key": "App",
            "Value": "iam-outdated-credentials",
          },
          {
            "Key": "gu:cdk:version",
            "Value": "TEST",
          },
          {
            "Key": "gu:repo",
            "Value": "guardian/security-hq",
          },
          {
            "Key": "Stack",
            "Value": "security",
          },
          {
            "Key": "Stage",
            "Value": "PROD",
          },
        ],
      },
      "Type": "AWS::IAM::Role",
    },
    "iamoutdatedcredentialsiamoutdatedcredentialscron09MONFRI0AllowEventRulesecurityhqiamoutdatedcredentials0C07F7DEF59189D6": {
      "Properties": {
        "Action": "lambda:InvokeFunction",
        "FunctionName": {
          "Fn::GetAtt": [
            "iamoutdatedcredentials652F7EC1",
            "Arn",
          ],
        },
        "Principal": "events.amazonaws.com",
        "SourceArn": {
          "Fn::GetAtt": [
            "iamoutdatedcredentialsiamoutdatedcredentialscron09MONFRI0EB8C1E06",
            "Arn",
          ],
        },
      },
      "Type": "AWS::Lambda::Permission",
    },
    "iamoutdatedcredentialsiamoutdatedcredentialscron09MONFRI0EB8C1E06": {
      "Properties": {
        "Description": "Run iam-outdated-credentials lambda, Monday-Friday at 9AM",
        "ScheduleExpression": "cron(0 9 ? * MON-FRI *)",
        "State": "ENABLED",
        "Tags": [
          {
            "Key": "App",
            "Value": "iam-outdated-credentials",
          },
          {
            "Key": "gu:cdk:version",
            "Value": "TEST",
          },
          {
            "Key": "gu:repo",
            "Value": "guardian/security-hq",
          },
          {
            "Key": "Stack",
            "Value": "security",
          },
          {
            "Key": "Stage",
            "Value": "PROD",
          },
        ],
        "Targets": [
          {
            "Arn": {
              "Fn::GetAtt": [
                "iamoutdatedcredentials652F7EC1",
                "Arn",
              ],
            },
            "Id": "Target0",
          },
        ],
      },
      "Type": "AWS::Events::Rule",
    },
    "iamunrecognisedusersD1D8EA98": {
      "DependsOn": [
        "iamunrecognisedusersServiceRoleDefaultPolicy623DA7DB",
        "iamunrecognisedusersServiceRole58E0D3DD",
      ],
      "Properties": {
        "Code": {
          "S3Bucket": {
            "Ref": "DistributionBucketName",
          },
          "S3Key": "security/PROD/iam-unrecognised-users/iam-unrecognised-users-TEST.jar",
        },
        "Environment": {
          "Variables": {
            "APP": "iam-unrecognised-users",
            "CONFIG_BUCKET": "security-dist",
            "CONFIG_KEY": "security/PROD/security-hq/security-hq.conf",
            "DRY_RUN": "false",
            "IAM_UNRECOGNISED_USER_S3_BUCKET": "gu-security-hq-audit",
            "IAM_UNRECOGNISED_USER_S3_KEY": "security/PROD/janus-data-export/janusData.conf",
            "STACK": "security",
            "STAGE": "PROD",
          },
        },
        "Handler": "unrecognised.Handler::handleRequest",
        "LoggingConfig": {
          "LogFormat": "JSON",
        },
        "MemorySize": 1024,
        "Role": {
          "Fn::GetAtt": [
            "iamunrecognisedusersServiceRole58E0D3DD",
            "Arn",
          ],
        },
        "Runtime": "java21",
        "Tags": [
          {
            "Key": "App",
            "Value": "iam-unrecognised-users",
          },
          {
            "Key": "gu:cdk:version",
            "Value": "TEST",
          },
          {
            "Key": "gu:repo",
            "Value": "guardian/security-hq",
          },
          {
            "Key": "Stack",
            "Value": "security",
          },
          {
            "Key": "Stage",
            "Value": "PROD",
          },
        ],
        "Timeout": 600,
      },
      "Type": "AWS::Lambda::Function",
    },
    "iamunrecognisedusersErrorPercentageAlarmForLambda2E0E48EC": {
      "Properties": {
        "ActionsEnabled": true,
        "AlarmActions": [
          {
            "Fn::Join": [
              "",
              [
                "arn:aws:sns:eu-west-1:",
                {
                  "Ref": "AWS::AccountId",
                },
                ":",
                {
                  "Ref": "AnghammaradSnsArn",
                },
              ],
            ],
          },
        ],
        "AlarmDescription": {
          "Fn::Join": [
            "",
            [
              {
                "Ref": "iamunrecognisedusersD1D8EA98",
              },
              " exceeded 0% error rate",
            ],
          ],
        },
        "AlarmName": {
          "Fn::Join": [
            "",
            [
              "High error percentage from ",
              {
                "Ref": "iamunrecognisedusersD1D8EA98",
              },
              " lambda in PROD",
            ],
          ],
        },
        "ComparisonOperator": "GreaterThanThreshold",
        "EvaluationPeriods": 1,
        "Metrics": [
          {
            "Expression": "100*m1/m2",
            "Id": "expr_1",
            "Label": {
              "Fn::Join": [
                "",
                [
                  "Error % of ",
                  {
                    "Ref": "iamunrecognisedusersD1D8EA98",
                  },
                ],
              ],
            },
            "ReturnData": true,
          },
          {
            "Id": "m1",
            "MetricStat": {
              "Metric": {
                "Dimensions": [
                  {
                    "Name": "FunctionName",
                    "Value": {
                      "Ref": "iamunrecognisedusersD1D8EA98",
                    },
                  },
                ],
                "MetricName": "Errors",
                "Namespace": "AWS/Lambda",
              },
              "Period": 60,
              "Stat": "Sum",
            },
            "ReturnData": false,
          },
          {
            "Id": "m2",
            "MetricStat": {
              "Metric": {
                "Dimensions": [
                  {
                    "Name": "FunctionName",
                    "Value": {
                      "Ref": "iamunrecognisedusersD1D8EA98",
                    },
                  },
                ],
                "MetricName": "Invocations",
                "Namespace": "AWS/Lambda",
              },
              "Period": 60,
              "Stat": "Sum",
            },
            "ReturnData": false,
          },
        ],
        "Tags": [
          {
            "Key": "gu:cdk:version",
            "Value": "TEST",
          },
          {
            "Key": "gu:repo",
            "Value": "guardian/security-hq",
          },
          {
            "Key": "Stack",
            "Value": "security",
          },
          {
            "Key": "Stage",
            "Value": "PROD",
          },
        ],
        "Threshold": 0,
        "TreatMissingData": "notBreaching",
      },
      "Type": "AWS::CloudWatch::Alarm",
    },
    "iamunrecognisedusersServiceRole58E0D3DD": {
      "Properties": {
        "AssumeRolePolicyDocument": {
          "Statement": [
            {
              "Action": "sts:AssumeRole",
              "Effect": "Allow",
              "Principal": {
                "Service": "lambda.amazonaws.com",
              },
            },
          ],
          "Version": "2012-10-17",
        },
        "ManagedPolicyArns": [
          {
            "Fn::Join": [
              "",
              [
                "arn:",
                {
                  "Ref": "AWS::Partition",
                },
                ":iam::aws:policy/service-role/AWSLambdaBasicExecutionRole",
              ],
            ],
          },
        ],
        "Tags": [
          {
            "Key": "App",
            "Value": "iam-unrecognised-users",
          },
          {
            "Key": "gu:cdk:version",
            "Value": "TEST",
          },
          {
            "Key": "gu:repo",
            "Value": "guardian/security-hq",
          },
          {
            "Key": "Stack",
            "Value": "security",
          },
          {
            "Key": "Stage",
            "Value": "PROD",
          },
        ],
      },
      "Type": "AWS::IAM::Role",
    },
    "iamunrecognisedusersServiceRoleDefaultPolicy623DA7DB": {
      "Properties": {
        "PolicyDocument": {
          "Statement": [
            {
              "Action": [
                "s3:GetObject*",
                "s3:GetBucket*",
                "s3:List*",
              ],
              "Effect": "Allow",
              "Resource": [
                {
                  "Fn::Join": [
                    "",
                    [
                      "arn:",
                      {
                        "Ref": "AWS::Partition",
                      },
                      ":s3:::",
                      {
                        "Ref": "DistributionBucketName",
                      },
                    ],
                  ],
                },
                {
                  "Fn::Join": [
                    "",
                    [
                      "arn:",
                      {
                        "Ref": "AWS::Partition",
                      },
                      ":s3:::",
                      {
                        "Ref": "DistributionBucketName",
                      },
                      "/security/PROD/iam-unrecognised-users/iam-unrecognised-users-TEST.jar",
                    ],
                  ],
                },
              ],
            },
            {
              "Action": "ssm:GetParametersByPath",
              "Effect": "Allow",
              "Resource": {
                "Fn::Join": [
                  "",
                  [
                    "arn:aws:ssm:eu-west-1:",
                    {
                      "Ref": "AWS::AccountId",
                    },
                    ":parameter/PROD/security/iam-unrecognised-users",
                  ],
                ],
              },
            },
            {
              "Action": [
                "ssm:GetParameters",
                "ssm:GetParameter",
              ],
              "Effect": "Allow",
              "Resource": {
                "Fn::Join": [
                  "",
                  [
                    "arn:aws:ssm:eu-west-1:",
                    {
                      "Ref": "AWS::AccountId",
                    },
                    ":parameter/PROD/security/iam-unrecognised-users/*",
                  ],
                ],
              },
            },
          ],
          "Version": "2012-10-17",
        },
        "PolicyName": "iamunrecognisedusersServiceRoleDefaultPolicy623DA7DB",
        "Roles": [
          {
            "Ref": "iamunrecognisedusersServiceRole58E0D3DD",
          },
        ],
      },
      "Type": "AWS::IAM::Policy",
    },
    "iamunrecognisedusersiamunrecogniseduserscron0914MONFRI09BC970ED": {
      "Properties": {
        "Description": "Run iam-unrecognised-users lambda, Monday-Friday at 9AM and 2PM",
        "ScheduleExpression": "cron(0 9,14 ? * MON-FRI *)",
        "State": "ENABLED",
        "Tags": [
          {
            "Key": "App",
            "Value": "iam-unrecognised-users",
          },
          {
            "Key": "gu:cdk:version",
            "Value": "TEST",
          },
          {
            "Key": "gu:repo",
            "Value": "guardian/security-hq",
          },
          {
            "Key": "Stack",
            "Value": "security",
          },
          {
            "Key": "Stage",
            "Value": "PROD",
          },
        ],
        "Targets": [
          {
            "Arn": {
              "Fn::GetAtt": [
                "iamunrecognisedusersD1D8EA98",
                "Arn",
              ],
            },
            "Id": "Target0",
          },
        ],
      },
      "Type": "AWS::Events::Rule",
    },
    "iamunrecognisedusersiamunrecogniseduserscron0914MONFRI0AllowEventRulesecurityhqiamunrecognisedusers441E46D880A4E2D1": {
      "Properties": {
        "Action": "lambda:InvokeFunction",
        "FunctionName": {
          "Fn::GetAtt": [
            "iamunrecognisedusersD1D8EA98",
            "Arn",
          ],
        },
        "Principal": "events.amazonaws.com",
        "SourceArn": {
          "Fn::GetAtt": [
            "iamunrecognisedusersiamunrecogniseduserscron0914MONFRI09BC970ED",
            "Arn",
          ],
        },
      },
      "Type": "AWS::Lambda::Permission",
    },
  },
}
`;
